---
source: fmm/src/analysis/cps/source_function.rs
expression: "format::format_module(&transform_module(Module::new(vec![], vec![], vec![],\n                    vec![FunctionDefinition ::\n                        new(\"f\", vec!\n                        [Argument :: new(\"x\", types :: Primitive :: Float64),\n                        Argument :: new(\"y\", types :: Primitive :: Float64)], types\n                        :: Primitive :: Float64, Block ::\n                        new(vec!\n                        [Call ::\n                        new(types :: Function ::\n                        new(vec! [], types :: Primitive :: Float64, types ::\n                        CallingConvention :: Source), Variable :: new(\"f\"), vec! [],\n                        \"p\",).into(), Call ::\n                        new(types :: Function ::\n                        new(vec! [types :: Primitive :: Float64.into()], types ::\n                        Primitive :: Float64, types :: CallingConvention :: Source),\n                        Variable :: new(\"g\"), vec! [Variable :: new(\"y\").into()],\n                        \"q\",).into()], Return ::\n                        new(types :: Primitive :: Float64, Variable :: new(\"x\")),),\n                        Default :: default())])).unwrap())"
---
(module
  (function f _s _k x y
    (block
      (call _fmm_stack_extend _s (size-of record) _k_1)
      (load (record-address _s 1) _k_2)
      (call _fmm_stack_align_size _k_2 (align-of record) _k_3)
      (store _k_3 (record-address _s 1))
      (load (record-address _s 1) _k_4)
      (load (record-address _s 0) _k_5)
      (store (record _k) (bit-cast (pointer-address _k_5 _k_4)))
      (load (record-address _s 1) _k_6)
      (store (+ _k_6 (size-of record)) (record-address _s 1))
      (load (record-address _s 1) _k_7)
      (call _fmm_stack_align_size _k_7 (align-of pointer-integer) _k_8)
      (store _k_8 (record-address _s 1))
      (call f _s _k_11 _k_0)
      (return _k_0)))
  (function _k_c _s q
    (block
      (load (record-address _s 1) _k_d)
      (call _fmm_stack_align_size (size-of record) (align-of pointer-integer) _k_e)
      (store (- _k_d _k_e) (record-address _s 1))
      (load (record-address _s 0) _k_f)
      (load (bit-cast (pointer-address _k_f (- _k_d _k_e))) _k_10)
      (deconstruct-record _k_10 0 _k)
      (call _k _s x _k_b)
      (return _k_b)))
  (function _k_11 _s p
    (block
      (load (record-address _s 1) _k_12)
      (call _fmm_stack_align_size (size-of record) (align-of pointer-integer) _k_13)
      (store (- _k_12 _k_13) (record-address _s 1))
      (load (record-address _s 0) _k_14)
      (load (bit-cast (pointer-address _k_14 (- _k_12 _k_13))) _k_15)
      (deconstruct-record _k_15 0 _k)
      (load (record-address _s 1) _k_a)
      (store (+ _k_a (size-of record)) (record-address _s 1))
      (call g _s _k_c y _k_9)
      (return _k_9))))
