---
source: fmm/src/analysis/cps/source_function.rs
expression: "format::format_module(&transform_module(&Module::new(vec![], vec![], vec![],\n                        vec![FunctionDefinition ::\n                            new(\"f\", vec! [], types :: Primitive :: Float64, Block ::\n                            new(vec!\n                            [Call ::\n                            new(types :: Function ::\n                            new(vec! [], types :: Primitive :: Float64, types ::\n                            CallingConvention :: Source), Variable :: new(\"f\"), vec! [],\n                            \"x\",).into(), Load ::\n                            new(types :: Primitive :: Float64, Undefined ::\n                            new(types :: Pointer :: new(types :: Primitive :: Float64)),\n                            \"y\",).into(), Call ::\n                            new(types :: Function ::\n                            new(vec! [], types :: Primitive :: Float64, types ::\n                            CallingConvention :: Source), Variable :: new(\"f\"), vec! [],\n                            \"z\",).into()], Return ::\n                            new(types :: Primitive :: Float64, ArithmeticOperation ::\n                            new(types :: Primitive :: Float64, ArithmeticOperator ::\n                            Add, Variable :: new(\"y\"), Variable :: new(\"z\"))),), Default\n                            :: default())])).unwrap())"
---
(module
  (function f _s _k
    (block
      (load (record-address _s 1) _k_1)
      (call _fmm_stack_extend _s (size-of record) _k_2)
      (load (record-address _s 0) _k_3)
      (store (record _k) (bit-cast (pointer-address _k_3 _k_1)))
      (call f _s _k_4 _k_0)
      (return _k_0)))
  (function _k_9 _s z
    (block
      (load (record-address _s 1) _k_b)
      (call _fmm_stack_align_size (size-of record) _k_c)
      (store (- _k_b _k_c) (record-address _s 1))
      (load (record-address _s 1) _k_d)
      (load (record-address _s 0) _k_e)
      (load (bit-cast (pointer-address _k_e _k_d)) _k_f)
      (deconstruct-record _k_f 0 _k)
      (deconstruct-record _k_f 1 y)
      (call _k _s (+ y z) _k_a)
      (return _k_a)))
  (function _k_4 _s x
    (block
      (load (record-address _s 1) _k_10)
      (call _fmm_stack_align_size (size-of record) _k_11)
      (store (- _k_10 _k_11) (record-address _s 1))
      (load (record-address _s 1) _k_12)
      (load (record-address _s 0) _k_13)
      (load (bit-cast (pointer-address _k_13 _k_12)) _k_14)
      (deconstruct-record _k_14 0 _k)
      (load undefined y)
      (load (record-address _s 1) _k_6)
      (call _fmm_stack_extend _s (size-of record) _k_7)
      (load (record-address _s 0) _k_8)
      (store (record _k y) (bit-cast (pointer-address _k_8 _k_6)))
      (call f _s _k_9 _k_5)
      (return _k_5))))
