---
source: fmm/src/analysis/cps/source_function.rs
expression: "format::format_module(&transform_module(Module::new(vec![], vec![], vec![],\n                    vec![FunctionDefinition ::\n                        new(\"f\", vec! [], types :: Primitive :: Float64, Block ::\n                        new(vec!\n                        [If ::\n                        new(void_type(), Primitive :: Boolean(true), Block ::\n                        new(vec!\n                        [Call ::\n                        new(types :: Function ::\n                        new(vec! [], types :: Primitive :: Float64, types ::\n                        CallingConvention :: Source), Variable :: new(\"f\"), vec! [],\n                        \"x\",).into(), Store ::\n                        new(types :: Primitive :: Float64, Undefined ::\n                        new(types :: Primitive :: Float64), Variable ::\n                        new(\"x\")).into()], Return ::\n                        new(types :: Primitive :: Float64, Variable :: new(\"x\"))),\n                        Block :: new(vec! [], TerminalInstruction :: Unreachable),\n                        \"_\",).into()], TerminalInstruction :: Unreachable,), Default\n                        :: default())])).unwrap())"
---
(module
  (function f _s _k
    (block
      (if true
        (block
          (call _fmm_stack_extend _s (size-of record) _k_1)
          (load (record-address _s 1) _k_2)
          (store (+ _k_2 (size-of record)) (record-address _s 1))
          (load (record-address _s 1) _k_3)
          (call _fmm_stack_align_size _k_3 (align-of function) _k_4)
          (store _k_4 (record-address _s 1))
          (load (record-address _s 1) _k_5)
          (load (record-address _s 0) _k_6)
          (store _k (bit-cast (pointer-address _k_6 _k_5)))
          (load (record-address _s 1) _k_7)
          (store (+ _k_7 (size-of function)) (record-address _s 1))
          (load (record-address _s 1) _k_8)
          (call _fmm_stack_align_size _k_8 (align-of pointer-integer) _k_9)
          (store _k_9 (record-address _s 1))
          (call f _s _k_b _k_0)
          (return _k_0))
        (block
          (unreachable))
        _)
      (unreachable)))
  (function _k_b _s x
    (block
      (load (record-address _s 1) _k_c)
      (call _fmm_stack_align_size (size-of record) (align-of pointer-integer) _k_d)
      (store (- _k_c _k_d) (record-address _s 1))
      (load (record-address _s 0) _k_e)
      (load (bit-cast (pointer-address _k_e (- _k_c _k_d))) _k_f)
      (deconstruct-record _k_f 0 _k)
      (store undefined x)
      (call _k _s x _k_a)
      (return _k_a))))
