---
source: fmm/src/analysis/cps.rs
expression: "format_module(&transform_to_cps(&Module::new(vec![],\n                        vec![FunctionDeclaration ::\n                            new(\"f\", function_type.clone())], vec![],\n                        vec![create_function_definition(\"g\", vec! [], types ::\n                            Primitive :: Float64, Block ::\n                            new(vec!\n                            [If ::\n                            new(types :: Primitive :: Float64, Primitive ::\n                            Boolean(true), Block ::\n                            new(vec!\n                            [Call ::\n                            new(function_type, Variable :: new(\"f\"), vec!\n                            [Primitive :: Float64(42.0).into()], \"x\",).into()], Branch\n                            ::\n                            new(types :: Primitive :: Float64, Variable :: new(\"x\")),),\n                            Block :: new(vec! [], TerminalInstruction :: Unreachable),\n                            \"y\",).into()], Return ::\n                            new(types :: Primitive :: Float64, Variable ::\n                            new(\"y\")),),)]), void_type()).unwrap())"
---
(module
  (function g _s _k
    (block
      (if true
        (block
          (call f _s _k 42 _k_0)
          (return _k_0))
        (block
          (unreachable))
        _k_1)
      (unreachable))))
